../Core/Src/main.c:63:9:decToBcd	16	static
../Core/Src/main.c:68:5:bcdToDec	16	static
../Core/Src/main.c:87:6:set_time	48	static
../Core/Src/main.c:101:6:Get_Time	32	static
../Core/Src/main.c:114:7:Get_Temp	40	static
../Core/Src/main.c:122:6:force_temp_conv	32	static
../Core/Src/main.c:142:5:main	24	static
../Core/Src/main.c:206:6:SystemClock_Config	72	static
../Core/Src/main.c:246:13:MX_I2C1_Init	8	static
../Core/Src/main.c:280:13:MX_GPIO_Init	24	static
../Core/Src/main.c:298:6:Error_Handler	4	static,ignoring_inline_asm
